
ASEM-51 V1.3                                         Copyright (c) 2002 by W.W. Heinz                                         PAGE 1





       MCS-51 Family Macro Assembler   A S E M - 5 1   V 1.3
       =====================================================



	Source File:	C:\Studenten\Anton en Pieter-Jan\Oefeningen\Opdracht 6.asm
	Object File:	C:\Studenten\Anton en Pieter-Jan\Oefeningen\Opdracht 6.hex
	List File:	C:\Studenten\Anton en Pieter-Jan\Oefeningen\Opdracht 6.lst



 Line  I  Addr  Code            Source

    1:				$NOLIST
  179:
  180:		N      007F	stack_init	equ	07fh
  181:		N      000F	code1		equ 	00001111b
  182:		N      0000			org 	0000h
  183:
  184:		N      0031	msB1		equ 	31h
  185:		N      0030	lsB1		equ	30h
  186:
  187:		N      0033	msB2		equ	33h
  188:		N      0032	lsB2		equ	32h
  189:
  190:		N      0036	msBuit		equ	36h
  191:		N      0035	Buit		equ	35h
  192:		N      0034	lsBuit		equ	34h
  193:
  194:	  0000	02 00 03			ljmp	start
  195:
  196:	  0003	75 81 7F	start:		mov	sp,#stack_init
  197:
  198:	  0006	75 31 FF			mov	msB1,#0ffh
  199:	  0009	75 30 FF			mov     lsB1,#0ffh
  200:	  000C	75 33 FF			mov	msB2,#0ffh
  201:	  000F	75 32 FF			mov	lsB2,#0ffh
  202:
  203:	  0012	E4		som:		clr	a
  204:	  0013	C3				clr	c
  205:	  0014	E5 30				mov	a,lsB1
  206:	  0016	35 32				addc	a,lsB2
  207:	  0018	F5 34				mov	lsBuit,a
  208:	  001A	E5 31				mov	a,msB1
  209:	  001C	35 33				addc	a,msB2
  210:	  001E	F5 35				mov	Buit,a
  211:	  0020	E5 36				mov	a,msBuit
  212:	  0022	34 00				addc	a,#0
  213:	  0024	F5 36				mov	msBuit,a
  214:	  0026	80 FE		einde:		sjmp	einde
  215:				end






ASEM-51 V1.3                                         Copyright (c) 2002 by W.W. Heinz                                         PAGE 2



                     register banks used:  ---

                     no errors




ASEM-51 V1.3                                         Copyright (c) 2002 by W.W. Heinz                                         PAGE 3





	       L I S T   O F   S Y M B O L S
	       =============================


SYMBOL				  TYPE     VALUE	LINE
------------------------------------------------------------
??ASEM_51			  NUMBER    8051
??VERSION			  NUMBER    0130
AC				  BIT	      D6	 148
ACC				  DATA	      E0	  67
ADCCON1				  DATA	      EF	  70
ADCCON2				  DATA	      D8	  63
ADCCON3				  DATA	      F5	  76
ADCDATAH			  DATA	      DA	  65
ADCDATAL			  DATA	      D9	  64
ADCGAINH			  DATA	      F4	  75
ADCGAINL			  DATA	      F3	  74
ADCI				  BIT	      DF	 157
ADCOFSH				  DATA	      F2	  73
ADCOFSL				  DATA	      F1	  72
B				  DATA	      F0	  71
BUIT				  NUMBER    0035	 191
CAP2				  BIT	      C8	 134
CCONV				  BIT	      DD	 155
CFG832				  DATA	      AF	  36
CHIPID				  DATA	      C2	  50
CNT2				  BIT	      C9	 135
CODE1				  NUMBER    000F	 181
CPHA				  BIT	      FA	 172
CPOL				  BIT	      FB	 173
CS0				  BIT	      D8	 150
CS1				  BIT	      D9	 151
CS2				  BIT	      DA	 152
CS3				  BIT	      DB	 153
CY				  BIT	      D7	 149
D0				  BIT	      ED	 159
D0EN				  BIT	      EB	 158
D1				  BIT	      EF	 161
D1EN				  BIT	      EE	 160
DAC0H				  DATA	      FA	  80
DAC0L				  DATA	      F9	  79
DAC1H				  DATA	      FC	  82
DAC1L				  DATA	      FB	  81
DACCON				  DATA	      FD	  83
DCON				  DATA	      E8	  68
DMA				  BIT	      DE	 156
DMAH				  DATA	      D3	  60
DMAL				  DATA	      D2	  59
DMAP				  DATA	      D4	  61
DPCON				  DATA	      A7	  32
DPH				  DATA	      83	   9
DPL				  DATA	      82	   8
DPP				  DATA	      84	  10
EA				  BIT	      AF	 109
EADC				  BIT	      AE	 108
EADRH				  DATA	      C7	  52

ASEM-51 V1.3                                         Copyright (c) 2002 by W.W. Heinz                                         PAGE 4



SYMBOL				  TYPE     VALUE	LINE
------------------------------------------------------------
EADRL				  DATA	      C6	  51
ECON				  DATA	      B9	  44
EDATA1				  DATA	      BC	  45
EDATA2				  DATA	      BD	  46
EDATA3				  DATA	      BE	  47
EDATA4				  DATA	      BF	  48
EINDE				  CODE	    0026	 214
ES				  BIT	      AC	 106
ET0				  BIT	      A9	 103
ET1				  BIT	      AB	 105
ET2				  BIT	      AD	 107
EX0				  BIT	      A8	 102
EX1				  BIT	      AA	 104
EXEN2				  BIT	      CB	 137
EXF2				  BIT	      CE	 140
F0				  BIT	      D5	 147
F1				  BIT	      D1	 143
HOUR				  DATA	      A5	  30
HTHSEC				  DATA	      A2	  27
I2CADD				  DATA	      9B	  22
I2CCON				  DATA	      E8	  69
I2CDAT				  DATA	      9A	  21
I2CI				  BIT	      E8	 162
I2CM				  BIT	      EB	 165
I2CRS				  BIT	      EA	 164
I2CTX				  BIT	      E9	 163
IE				  DATA	      A8	  33
IE0				  BIT	      89	  85
IE1				  BIT	      8B	  87
IEIP2				  DATA	      A9	  34
INT0				  BIT	      B2	 112
INT1				  BIT	      B3	 113
INTVAL				  DATA	      A6	  31
IP				  DATA	      B8	  43
ISPI				  BIT	      FF	 177
IT0				  BIT	      88	  84
IT1				  BIT	      8A	  86
LSB1				  NUMBER    0030	 185
LSB2				  NUMBER    0032	 188
LSBUIT				  NUMBER    0034	 192
MCO				  BIT	      ED	 167
MDE				  BIT	      EE	 168
MDI				  BIT	      EC	 166
MDO				  BIT	      EF	 169
MIN				  DATA	      A4	  29
MSB1				  NUMBER    0031	 184
MSB2				  NUMBER    0033	 187
MSBUIT				  NUMBER    0036	 190
OV				  BIT	      D2	 144
P				  BIT	      D0	 142
P0				  DATA	      80	   6
P1				  DATA	      90	  18
P2				  DATA	      A0	  25
P3				  DATA	      B0	  37
PADC				  BIT	      BE	 124
PCON				  DATA	      87	  11

ASEM-51 V1.3                                         Copyright (c) 2002 by W.W. Heinz                                         PAGE 5



SYMBOL				  TYPE     VALUE	LINE
------------------------------------------------------------
PLLCON				  DATA	      D7	  62
PRE0				  BIT	      C4	 130
PRE1				  BIT	      C5	 131
PRE2				  BIT	      C6	 132
PRE3				  BIT	      C7	 133
PS				  BIT	      BC	 122
PSI				  BIT	      BF	 125
PSMCON				  DATA	      DF	  66
PSW				  DATA	      D0	  58
PT0				  BIT	      B9	 119
PT1				  BIT	      BB	 121
PT2				  BIT	      BD	 123
PWM0H				  DATA	      B2	  39
PWM0L				  DATA	      B1	  38
PWM1H				  DATA	      B4	  41
PWM1L				  DATA	      B3	  40
PWMCON				  DATA	      AE	  35
PX0				  BIT	      B8	 118
PX1				  BIT	      BA	 120
RB8				  BIT	      9A	  96
RCAP2H				  DATA	      CB	  55
RCAP2L				  DATA	      CA	  54
RCLK				  BIT	      CD	 139
RD				  BIT	      B7	 117
REN				  BIT	      9C	  98
RI				  BIT	      98	  94
RS0				  BIT	      D3	 145
RS1				  BIT	      D4	 146
RXD				  BIT	      B0	 110
SBUF				  DATA	      99	  20
SCON				  DATA	      98	  19
SCONV				  BIT	      DC	 154
SEC				  DATA	      A3	  28
SM0				  BIT	      9F	 101
SM1				  BIT	      9E	 100
SM2				  BIT	      9D	  99
SOM				  CODE	    0012	 203
SP				  DATA	      81	   7
SPE				  BIT	      FD	 175
SPH				  DATA	      B7	  42
SPICON				  DATA	      F8	  78
SPIDAT				  DATA	      F7	  77
SPIM				  BIT	      FC	 174
SPR0				  BIT	      F8	 170
SPR1				  BIT	      F9	 171
STACK_INIT			  NUMBER    007F	 180
START				  CODE	    0003	 196
T0				  BIT	      B4	 114
T1				  BIT	      B5	 115
T2				  BIT	      90	  92
T2CON				  DATA	      C8	  53
T2EX				  BIT	      91	  93
T3CON				  DATA	      9E	  23
T3FD				  DATA	      9D	  24
TB8				  BIT	      9B	  97
TCLK				  BIT	      CC	 138

ASEM-51 V1.3                                         Copyright (c) 2002 by W.W. Heinz                                         PAGE 6



SYMBOL				  TYPE     VALUE	LINE
------------------------------------------------------------
TCON				  DATA	      88	  12
TF0				  BIT	      8D	  89
TF1				  BIT	      8F	  91
TF2				  BIT	      CF	 141
TH0				  DATA	      8C	  16
TH1				  DATA	      8D	  17
TH2				  DATA	      CD	  57
TI				  BIT	      99	  95
TIMECON				  DATA	      A1	  26
TL0				  DATA	      8A	  14
TL1				  DATA	      8B	  15
TL2				  DATA	      CC	  56
TMOD				  DATA	      89	  13
TR0				  BIT	      8C	  88
TR1				  BIT	      8E	  90
TR2				  BIT	      CA	 136
TXD				  BIT	      B1	 111
WCOL				  BIT	      FE	 176
WDCON				  DATA	      C0	  49
WDE				  BIT	      C1	 127
WDIR				  BIT	      C3	 129
WDS				  BIT	      C2	 128
WDWR				  BIT	      C0	 126
WR				  BIT	      B6	 116
